// Jest Snapshot v1, https://goo.gl/fbAQLP

exports[`Layout component renders 1`] = `ShallowWrapper {}`;
