// Jest Snapshot v1, https://goo.gl/fbAQLP

exports[`Menu component renders 1`] = `ShallowWrapper {}`;
