// Jest Snapshot v1, https://goo.gl/fbAQLP

exports[`SectionLayout component renders 1`] = `ShallowWrapper {}`;
