// Jest Snapshot v1, https://goo.gl/fbAQLP

exports[`Classes component renders 1`] = `ShallowWrapper {}`;
