// Jest Snapshot v1, https://goo.gl/fbAQLP

exports[`Editor component renders 1`] = `ShallowWrapper {}`;
