// Jest Snapshot v1, https://goo.gl/fbAQLP

exports[`ImageSlider component renders 1`] = `ShallowWrapper {}`;
