// Jest Snapshot v1, https://goo.gl/fbAQLP

exports[`Home component renders 1`] = `ShallowWrapper {}`;
