// Jest Snapshot v1, https://goo.gl/fbAQLP

exports[`Objects component renders 1`] = `ShallowWrapper {}`;
