// Jest Snapshot v1, https://goo.gl/fbAQLP

exports[`Options component renders 1`] = `ShallowWrapper {}`;
