// Jest Snapshot v1, https://goo.gl/fbAQLP

exports[`Tags component renders 1`] = `ShallowWrapper {}`;
